OpenJDK 64-Bit Server VM (25.272-b10) for bsd-amd64 JRE (1.8.0_272-b10), built on Oct 22 2020 19:56:54 by "jenkins" with gcc 4.2.1 Compatible Apple LLVM 10.0.1 (clang-1001.0.46.4)
Memory: 4k page, physical 16777216k(1557332k free)

/proc/meminfo:

CommandLine flags: -XX:InitialHeapSize=1073741824 -XX:MaxGCPauseMillis=50 -XX:MaxHeapSize=1073741824 -XX:+PrintGC -XX:+PrintGCDateStamps -XX:+PrintGCDetails -XX:+PrintGCTimeStamps -XX:+UseCompressedClassPointers -XX:+UseCompressedOops -XX:+UseG1GC 
2020-10-27T17:59:47.346-0800: 0.130: [GC pause (G1 Evacuation Pause) (young), 0.0078720 secs]
   [Parallel Time: 7.0 ms, GC Workers: 8]
      [GC Worker Start (ms): Min: 129.9, Avg: 130.0, Max: 130.1, Diff: 0.2]
      [Ext Root Scanning (ms): Min: 0.1, Avg: 0.1, Max: 0.3, Diff: 0.2, Sum: 1.2]
      [Update RS (ms): Min: 0.0, Avg: 0.0, Max: 0.0, Diff: 0.0, Sum: 0.0]
         [Processed Buffers: Min: 0, Avg: 0.0, Max: 0, Diff: 0, Sum: 0]
      [Scan RS (ms): Min: 0.0, Avg: 0.0, Max: 0.0, Diff: 0.0, Sum: 0.0]
      [Code Root Scanning (ms): Min: 0.0, Avg: 0.0, Max: 0.0, Diff: 0.0, Sum: 0.0]
      [Object Copy (ms): Min: 6.2, Avg: 6.4, Max: 6.5, Diff: 0.4, Sum: 51.1]
      [Termination (ms): Min: 0.0, Avg: 0.2, Max: 0.5, Diff: 0.5, Sum: 1.6]
         [Termination Attempts: Min: 1, Avg: 1.0, Max: 1, Diff: 0, Sum: 8]
      [GC Worker Other (ms): Min: 0.0, Avg: 0.0, Max: 0.0, Diff: 0.0, Sum: 0.1]
      [GC Worker Total (ms): Min: 6.6, Avg: 6.8, Max: 6.9, Diff: 0.3, Sum: 54.1]
      [GC Worker End (ms): Min: 136.7, Avg: 136.8, Max: 136.9, Diff: 0.2]
   [Code Root Fixup: 0.0 ms]
   [Code Root Purge: 0.0 ms]
   [Clear CT: 0.2 ms]
   [Other: 0.7 ms]
      [Choose CSet: 0.0 ms]
      [Ref Proc: 0.3 ms]
      [Ref Enq: 0.0 ms]
      [Redirty Cards: 0.1 ms]
      [Humongous Register: 0.0 ms]
      [Humongous Reclaim: 0.0 ms]
      [Free CSet: 0.1 ms]
   [Eden: 52224.0K(52224.0K)->0.0B(45056.0K) Survivors: 0.0B->7168.0K Heap: 66050.2K(1024.0M)->25843.4K(1024.0M)]
 [Times: user=0.02 sys=0.03, real=0.01 secs] 
2020-10-27T17:59:47.369-0800: 0.153: [GC pause (G1 Evacuation Pause) (young), 0.0066950 secs]
   [Parallel Time: 5.8 ms, GC Workers: 8]
      [GC Worker Start (ms): Min: 153.4, Avg: 153.5, Max: 153.5, Diff: 0.1]
      [Ext Root Scanning (ms): Min: 0.1, Avg: 0.1, Max: 0.2, Diff: 0.2, Sum: 0.9]
      [Update RS (ms): Min: 0.0, Avg: 0.0, Max: 0.0, Diff: 0.0, Sum: 0.0]
         [Processed Buffers: Min: 0, Avg: 0.8, Max: 2, Diff: 2, Sum: 6]
      [Scan RS (ms): Min: 0.0, Avg: 0.0, Max: 0.0, Diff: 0.0, Sum: 0.0]
      [Code Root Scanning (ms): Min: 0.0, Avg: 0.0, Max: 0.0, Diff: 0.0, Sum: 0.0]
      [Object Copy (ms): Min: 5.0, Avg: 5.2, Max: 5.4, Diff: 0.3, Sum: 41.9]
      [Termination (ms): Min: 0.0, Avg: 0.2, Max: 0.4, Diff: 0.4, Sum: 1.5]
         [Termination Attempts: Min: 1, Avg: 1.0, Max: 1, Diff: 0, Sum: 8]
      [GC Worker Other (ms): Min: 0.0, Avg: 0.0, Max: 0.0, Diff: 0.0, Sum: 0.1]
      [GC Worker Total (ms): Min: 5.5, Avg: 5.6, Max: 5.7, Diff: 0.2, Sum: 44.6]
      [GC Worker End (ms): Min: 159.0, Avg: 159.0, Max: 159.1, Diff: 0.2]
   [Code Root Fixup: 0.0 ms]
   [Code Root Purge: 0.0 ms]
   [Clear CT: 0.2 ms]
   [Other: 0.7 ms]
      [Choose CSet: 0.0 ms]
      [Ref Proc: 0.2 ms]
      [Ref Enq: 0.0 ms]
      [Redirty Cards: 0.2 ms]
      [Humongous Register: 0.0 ms]
      [Humongous Reclaim: 0.0 ms]
      [Free CSet: 0.1 ms]
   [Eden: 45056.0K(45056.0K)->0.0B(45056.0K) Survivors: 7168.0K->7168.0K Heap: 82717.4K(1024.0M)->45604.8K(1024.0M)]
 [Times: user=0.01 sys=0.02, real=0.01 secs] 
2020-10-27T17:59:47.393-0800: 0.177: [GC pause (G1 Evacuation Pause) (young), 0.0085326 secs]
   [Parallel Time: 7.0 ms, GC Workers: 8]
      [GC Worker Start (ms): Min: 177.5, Avg: 177.6, Max: 177.7, Diff: 0.1]
      [Ext Root Scanning (ms): Min: 0.1, Avg: 0.1, Max: 0.2, Diff: 0.1, Sum: 0.8]
      [Update RS (ms): Min: 0.4, Avg: 0.4, Max: 0.4, Diff: 0.1, Sum: 3.1]
         [Processed Buffers: Min: 2, Avg: 6.2, Max: 8, Diff: 6, Sum: 50]
      [Scan RS (ms): Min: 0.0, Avg: 0.0, Max: 0.0, Diff: 0.0, Sum: 0.0]
      [Code Root Scanning (ms): Min: 0.0, Avg: 0.0, Max: 0.0, Diff: 0.0, Sum: 0.0]
      [Object Copy (ms): Min: 5.7, Avg: 5.9, Max: 6.2, Diff: 0.5, Sum: 46.8]
      [Termination (ms): Min: 0.0, Avg: 0.5, Max: 0.6, Diff: 0.6, Sum: 3.7]
         [Termination Attempts: Min: 1, Avg: 1.0, Max: 1, Diff: 0, Sum: 8]
      [GC Worker Other (ms): Min: 0.0, Avg: 0.0, Max: 0.0, Diff: 0.0, Sum: 0.1]
      [GC Worker Total (ms): Min: 6.8, Avg: 6.8, Max: 6.9, Diff: 0.1, Sum: 54.6]
      [GC Worker End (ms): Min: 184.3, Avg: 184.4, Max: 184.5, Diff: 0.2]
   [Code Root Fixup: 0.0 ms]
   [Code Root Purge: 0.0 ms]
   [Clear CT: 0.3 ms]
   [Other: 1.2 ms]
      [Choose CSet: 0.0 ms]
      [Ref Proc: 0.7 ms]
      [Ref Enq: 0.0 ms]
      [Redirty Cards: 0.2 ms]
      [Humongous Register: 0.0 ms]
      [Humongous Reclaim: 0.1 ms]
      [Free CSet: 0.0 ms]
   [Eden: 45056.0K(45056.0K)->0.0B(45056.0K) Survivors: 7168.0K->7168.0K Heap: 103.9M(1024.0M)->68468.8K(1024.0M)]
 [Times: user=0.02 sys=0.03, real=0.01 secs] 
2020-10-27T17:59:47.410-0800: 0.194: [GC pause (G1 Evacuation Pause) (young), 0.0070754 secs]
   [Parallel Time: 6.0 ms, GC Workers: 8]
      [GC Worker Start (ms): Min: 193.6, Avg: 193.7, Max: 193.7, Diff: 0.1]
      [Ext Root Scanning (ms): Min: 0.1, Avg: 0.1, Max: 0.2, Diff: 0.1, Sum: 0.8]
      [Update RS (ms): Min: 0.4, Avg: 0.4, Max: 0.5, Diff: 0.0, Sum: 3.4]
         [Processed Buffers: Min: 5, Avg: 7.0, Max: 8, Diff: 3, Sum: 56]
      [Scan RS (ms): Min: 0.0, Avg: 0.0, Max: 0.0, Diff: 0.0, Sum: 0.0]
      [Code Root Scanning (ms): Min: 0.0, Avg: 0.0, Max: 0.0, Diff: 0.0, Sum: 0.0]
      [Object Copy (ms): Min: 4.7, Avg: 4.9, Max: 5.1, Diff: 0.4, Sum: 39.3]
      [Termination (ms): Min: 0.0, Avg: 0.3, Max: 0.4, Diff: 0.4, Sum: 2.1]
         [Termination Attempts: Min: 1, Avg: 1.0, Max: 1, Diff: 0, Sum: 8]
      [GC Worker Other (ms): Min: 0.0, Avg: 0.0, Max: 0.0, Diff: 0.0, Sum: 0.1]
      [GC Worker Total (ms): Min: 5.6, Avg: 5.7, Max: 5.9, Diff: 0.3, Sum: 45.8]
      [GC Worker End (ms): Min: 199.4, Avg: 199.4, Max: 199.6, Diff: 0.2]
   [Code Root Fixup: 0.0 ms]
   [Code Root Purge: 0.0 ms]
   [Clear CT: 0.2 ms]
   [Other: 0.9 ms]
      [Choose CSet: 0.0 ms]
      [Ref Proc: 0.5 ms]
      [Ref Enq: 0.0 ms]
      [Redirty Cards: 0.2 ms]
      [Humongous Register: 0.0 ms]
      [Humongous Reclaim: 0.0 ms]
      [Free CSet: 0.0 ms]
   [Eden: 45056.0K(45056.0K)->0.0B(45056.0K) Survivors: 7168.0K->7168.0K Heap: 119.8M(1024.0M)->86724.7K(1024.0M)]
 [Times: user=0.01 sys=0.02, real=0.00 secs] 
2020-10-27T17:59:47.427-0800: 0.212: [GC pause (G1 Evacuation Pause) (young), 0.0072093 secs]
   [Parallel Time: 6.5 ms, GC Workers: 8]
      [GC Worker Start (ms): Min: 211.6, Avg: 211.6, Max: 211.7, Diff: 0.1]
      [Ext Root Scanning (ms): Min: 0.1, Avg: 0.1, Max: 0.2, Diff: 0.1, Sum: 0.8]
      [Update RS (ms): Min: 0.4, Avg: 0.5, Max: 0.5, Diff: 0.1, Sum: 3.7]
         [Processed Buffers: Min: 7, Avg: 7.8, Max: 8, Diff: 1, Sum: 62]
      [Scan RS (ms): Min: 0.0, Avg: 0.0, Max: 0.0, Diff: 0.0, Sum: 0.0]
      [Code Root Scanning (ms): Min: 0.0, Avg: 0.0, Max: 0.0, Diff: 0.0, Sum: 0.0]
      [Object Copy (ms): Min: 5.2, Avg: 5.5, Max: 5.6, Diff: 0.4, Sum: 43.7]
      [Termination (ms): Min: 0.0, Avg: 0.2, Max: 0.4, Diff: 0.4, Sum: 1.7]
         [Termination Attempts: Min: 1, Avg: 1.0, Max: 1, Diff: 0, Sum: 8]
      [GC Worker Other (ms): Min: 0.0, Avg: 0.0, Max: 0.0, Diff: 0.0, Sum: 0.1]
      [GC Worker Total (ms): Min: 6.1, Avg: 6.3, Max: 6.4, Diff: 0.2, Sum: 50.1]
      [GC Worker End (ms): Min: 217.8, Avg: 217.9, Max: 218.0, Diff: 0.2]
   [Code Root Fixup: 0.0 ms]
   [Code Root Purge: 0.0 ms]
   [Clear CT: 0.2 ms]
   [Other: 0.6 ms]
      [Choose CSet: 0.0 ms]
      [Ref Proc: 0.2 ms]
      [Ref Enq: 0.0 ms]
      [Redirty Cards: 0.1 ms]
      [Humongous Register: 0.0 ms]
      [Humongous Reclaim: 0.0 ms]
      [Free CSet: 0.1 ms]
   [Eden: 45056.0K(45056.0K)->0.0B(45056.0K) Survivors: 7168.0K->7168.0K Heap: 139.0M(1024.0M)->103.8M(1024.0M)]
 [Times: user=0.01 sys=0.03, real=0.01 secs] 
2020-10-27T17:59:47.444-0800: 0.228: [GC pause (G1 Evacuation Pause) (young), 0.0069094 secs]
   [Parallel Time: 6.1 ms, GC Workers: 8]
      [GC Worker Start (ms): Min: 228.2, Avg: 228.2, Max: 228.3, Diff: 0.1]
      [Ext Root Scanning (ms): Min: 0.1, Avg: 0.1, Max: 0.2, Diff: 0.1, Sum: 0.9]
      [Update RS (ms): Min: 0.1, Avg: 0.1, Max: 0.1, Diff: 0.0, Sum: 1.0]
         [Processed Buffers: Min: 2, Avg: 2.1, Max: 3, Diff: 1, Sum: 17]
      [Scan RS (ms): Min: 0.0, Avg: 0.0, Max: 0.0, Diff: 0.0, Sum: 0.1]
      [Code Root Scanning (ms): Min: 0.0, Avg: 0.0, Max: 0.0, Diff: 0.0, Sum: 0.0]
      [Object Copy (ms): Min: 5.2, Avg: 5.3, Max: 5.5, Diff: 0.3, Sum: 42.8]
      [Termination (ms): Min: 0.0, Avg: 0.2, Max: 0.5, Diff: 0.5, Sum: 1.9]
         [Termination Attempts: Min: 1, Avg: 1.0, Max: 1, Diff: 0, Sum: 8]
      [GC Worker Other (ms): Min: 0.0, Avg: 0.0, Max: 0.0, Diff: 0.0, Sum: 0.1]
      [GC Worker Total (ms): Min: 5.7, Avg: 5.8, Max: 6.0, Diff: 0.3, Sum: 46.8]
      [GC Worker End (ms): Min: 234.0, Avg: 234.1, Max: 234.2, Diff: 0.2]
   [Code Root Fixup: 0.0 ms]
   [Code Root Purge: 0.0 ms]
   [Clear CT: 0.2 ms]
   [Other: 0.6 ms]
      [Choose CSet: 0.0 ms]
      [Ref Proc: 0.2 ms]
      [Ref Enq: 0.0 ms]
      [Redirty Cards: 0.1 ms]
      [Humongous Register: 0.0 ms]
      [Humongous Reclaim: 0.0 ms]
      [Free CSet: 0.0 ms]
   [Eden: 45056.0K(45056.0K)->0.0B(45056.0K) Survivors: 7168.0K->7168.0K Heap: 159.9M(1024.0M)->121.0M(1024.0M)]
 [Times: user=0.01 sys=0.03, real=0.01 secs] 
2020-10-27T17:59:47.461-0800: 0.245: [GC pause (G1 Evacuation Pause) (young), 0.0057110 secs]
   [Parallel Time: 4.8 ms, GC Workers: 8]
      [GC Worker Start (ms): Min: 245.1, Avg: 245.2, Max: 245.2, Diff: 0.1]
      [Ext Root Scanning (ms): Min: 0.1, Avg: 0.1, Max: 0.2, Diff: 0.1, Sum: 0.8]
      [Update RS (ms): Min: 0.1, Avg: 0.2, Max: 0.2, Diff: 0.1, Sum: 1.2]
         [Processed Buffers: Min: 1, Avg: 2.4, Max: 3, Diff: 2, Sum: 19]
      [Scan RS (ms): Min: 0.0, Avg: 0.0, Max: 0.0, Diff: 0.0, Sum: 0.0]
      [Code Root Scanning (ms): Min: 0.0, Avg: 0.0, Max: 0.0, Diff: 0.0, Sum: 0.0]
      [Object Copy (ms): Min: 3.9, Avg: 4.1, Max: 4.2, Diff: 0.3, Sum: 33.0]
      [Termination (ms): Min: 0.0, Avg: 0.2, Max: 0.5, Diff: 0.5, Sum: 1.5]
         [Termination Attempts: Min: 1, Avg: 1.4, Max: 2, Diff: 1, Sum: 11]
      [GC Worker Other (ms): Min: 0.0, Avg: 0.0, Max: 0.0, Diff: 0.0, Sum: 0.1]
      [GC Worker Total (ms): Min: 4.5, Avg: 4.6, Max: 4.7, Diff: 0.1, Sum: 36.7]
      [GC Worker End (ms): Min: 249.7, Avg: 249.7, Max: 249.8, Diff: 0.2]
   [Code Root Fixup: 0.0 ms]
   [Code Root Purge: 0.0 ms]
   [Clear CT: 0.2 ms]
   [Other: 0.7 ms]
      [Choose CSet: 0.0 ms]
      [Ref Proc: 0.3 ms]
      [Ref Enq: 0.0 ms]
      [Redirty Cards: 0.1 ms]
      [Humongous Register: 0.0 ms]
      [Humongous Reclaim: 0.0 ms]
      [Free CSet: 0.0 ms]
   [Eden: 45056.0K(45056.0K)->0.0B(45056.0K) Survivors: 7168.0K->7168.0K Heap: 180.9M(1024.0M)->135.0M(1024.0M)]
 [Times: user=0.01 sys=0.02, real=0.00 secs] 
2020-10-27T17:59:47.476-0800: 0.260: [GC pause (G1 Evacuation Pause) (young), 0.0071346 secs]
   [Parallel Time: 6.6 ms, GC Workers: 8]
      [GC Worker Start (ms): Min: 260.0, Avg: 260.0, Max: 260.0, Diff: 0.1]
      [Ext Root Scanning (ms): Min: 0.1, Avg: 0.1, Max: 0.2, Diff: 0.1, Sum: 0.8]
      [Update RS (ms): Min: 0.3, Avg: 0.3, Max: 0.3, Diff: 0.0, Sum: 2.1]
         [Processed Buffers: Min: 2, Avg: 4.0, Max: 5, Diff: 3, Sum: 32]
      [Scan RS (ms): Min: 0.0, Avg: 0.0, Max: 0.0, Diff: 0.0, Sum: 0.0]
      [Code Root Scanning (ms): Min: 0.0, Avg: 0.0, Max: 0.0, Diff: 0.0, Sum: 0.0]
      [Object Copy (ms): Min: 5.7, Avg: 5.9, Max: 6.0, Diff: 0.3, Sum: 46.8]
      [Termination (ms): Min: 0.0, Avg: 0.2, Max: 0.4, Diff: 0.4, Sum: 1.8]
         [Termination Attempts: Min: 1, Avg: 1.0, Max: 1, Diff: 0, Sum: 8]
      [GC Worker Other (ms): Min: 0.0, Avg: 0.0, Max: 0.0, Diff: 0.0, Sum: 0.1]
      [GC Worker Total (ms): Min: 6.4, Avg: 6.5, Max: 6.5, Diff: 0.2, Sum: 51.7]
      [GC Worker End (ms): Min: 266.4, Avg: 266.5, Max: 266.6, Diff: 0.2]
   [Code Root Fixup: 0.0 ms]
   [Code Root Purge: 0.0 ms]
   [Clear CT: 0.1 ms]
   [Other: 0.4 ms]
      [Choose CSet: 0.0 ms]
      [Ref Proc: 0.2 ms]
      [Ref Enq: 0.0 ms]
      [Redirty Cards: 0.1 ms]
      [Humongous Register: 0.0 ms]
      [Humongous Reclaim: 0.0 ms]
      [Free CSet: 0.0 ms]
   [Eden: 45056.0K(45056.0K)->0.0B(47104.0K) Survivors: 7168.0K->7168.0K Heap: 195.1M(1024.0M)->153.3M(1024.0M)]
 [Times: user=0.01 sys=0.03, real=0.01 secs] 
2020-10-27T17:59:47.490-0800: 0.274: [GC pause (G1 Evacuation Pause) (young), 0.0054738 secs]
   [Parallel Time: 4.8 ms, GC Workers: 8]
      [GC Worker Start (ms): Min: 274.0, Avg: 274.1, Max: 274.2, Diff: 0.1]
      [Ext Root Scanning (ms): Min: 0.0, Avg: 0.1, Max: 0.2, Diff: 0.1, Sum: 0.7]
      [Update RS (ms): Min: 0.1, Avg: 0.2, Max: 0.2, Diff: 0.1, Sum: 1.3]
         [Processed Buffers: Min: 0, Avg: 2.5, Max: 3, Diff: 3, Sum: 20]
      [Scan RS (ms): Min: 0.0, Avg: 0.0, Max: 0.0, Diff: 0.0, Sum: 0.0]
      [Code Root Scanning (ms): Min: 0.0, Avg: 0.0, Max: 0.0, Diff: 0.0, Sum: 0.0]
      [Object Copy (ms): Min: 3.9, Avg: 4.1, Max: 4.3, Diff: 0.3, Sum: 32.9]
      [Termination (ms): Min: 0.0, Avg: 0.2, Max: 0.4, Diff: 0.4, Sum: 1.6]
         [Termination Attempts: Min: 1, Avg: 1.8, Max: 3, Diff: 2, Sum: 14]
      [GC Worker Other (ms): Min: 0.0, Avg: 0.0, Max: 0.0, Diff: 0.0, Sum: 0.1]
      [GC Worker Total (ms): Min: 4.4, Avg: 4.6, Max: 4.7, Diff: 0.2, Sum: 36.5]
      [GC Worker End (ms): Min: 278.6, Avg: 278.7, Max: 278.8, Diff: 0.1]
   [Code Root Fixup: 0.0 ms]
   [Code Root Purge: 0.0 ms]
   [Clear CT: 0.2 ms]
   [Other: 0.5 ms]
      [Choose CSet: 0.0 ms]
      [Ref Proc: 0.1 ms]
      [Ref Enq: 0.0 ms]
      [Redirty Cards: 0.2 ms]
      [Humongous Register: 0.0 ms]
      [Humongous Reclaim: 0.0 ms]
      [Free CSet: 0.0 ms]
   [Eden: 47104.0K(47104.0K)->0.0B(66560.0K) Survivors: 7168.0K->7168.0K Heap: 209.2M(1024.0M)->168.3M(1024.0M)]
 [Times: user=0.01 sys=0.02, real=0.00 secs] 
2020-10-27T17:59:47.514-0800: 0.298: [GC pause (G1 Evacuation Pause) (young), 0.0113552 secs]
   [Parallel Time: 10.5 ms, GC Workers: 8]
      [GC Worker Start (ms): Min: 298.3, Avg: 298.3, Max: 298.4, Diff: 0.1]
      [Ext Root Scanning (ms): Min: 0.1, Avg: 0.1, Max: 0.2, Diff: 0.1, Sum: 0.8]
      [Update RS (ms): Min: 0.2, Avg: 0.2, Max: 0.3, Diff: 0.1, Sum: 1.8]
         [Processed Buffers: Min: 1, Avg: 3.4, Max: 4, Diff: 3, Sum: 27]
      [Scan RS (ms): Min: 0.0, Avg: 0.0, Max: 0.0, Diff: 0.0, Sum: 0.0]
      [Code Root Scanning (ms): Min: 0.0, Avg: 0.0, Max: 0.0, Diff: 0.0, Sum: 0.0]
      [Object Copy (ms): Min: 9.5, Avg: 9.6, Max: 9.8, Diff: 0.3, Sum: 76.7]
      [Termination (ms): Min: 0.0, Avg: 0.3, Max: 0.5, Diff: 0.5, Sum: 2.3]
         [Termination Attempts: Min: 1, Avg: 1.0, Max: 1, Diff: 0, Sum: 8]
      [GC Worker Other (ms): Min: 0.0, Avg: 0.0, Max: 0.0, Diff: 0.0, Sum: 0.1]
      [GC Worker Total (ms): Min: 10.1, Avg: 10.2, Max: 10.4, Diff: 0.3, Sum: 81.8]
      [GC Worker End (ms): Min: 308.4, Avg: 308.6, Max: 308.8, Diff: 0.3]
   [Code Root Fixup: 0.0 ms]
   [Code Root Purge: 0.0 ms]
   [Clear CT: 0.2 ms]
   [Other: 0.7 ms]
      [Choose CSet: 0.0 ms]
      [Ref Proc: 0.3 ms]
      [Ref Enq: 0.0 ms]
      [Redirty Cards: 0.2 ms]
      [Humongous Register: 0.1 ms]
      [Humongous Reclaim: 0.1 ms]
      [Free CSet: 0.0 ms]
   [Eden: 66560.0K(66560.0K)->0.0B(63488.0K) Survivors: 7168.0K->9216.0K Heap: 252.8M(1024.0M)->196.2M(1024.0M)]
 [Times: user=0.02 sys=0.05, real=0.01 secs] 
2020-10-27T17:59:47.535-0800: 0.319: [GC pause (G1 Evacuation Pause) (young), 0.0098415 secs]
   [Parallel Time: 9.2 ms, GC Workers: 8]
      [GC Worker Start (ms): Min: 318.9, Avg: 319.0, Max: 319.0, Diff: 0.1]
      [Ext Root Scanning (ms): Min: 0.1, Avg: 0.1, Max: 0.1, Diff: 0.1, Sum: 0.8]
      [Update RS (ms): Min: 0.2, Avg: 0.2, Max: 0.3, Diff: 0.1, Sum: 1.9]
         [Processed Buffers: Min: 1, Avg: 3.5, Max: 4, Diff: 3, Sum: 28]
      [Scan RS (ms): Min: 0.0, Avg: 0.0, Max: 0.0, Diff: 0.0, Sum: 0.0]
      [Code Root Scanning (ms): Min: 0.0, Avg: 0.0, Max: 0.0, Diff: 0.0, Sum: 0.0]
      [Object Copy (ms): Min: 8.2, Avg: 8.4, Max: 8.6, Diff: 0.4, Sum: 67.3]
      [Termination (ms): Min: 0.0, Avg: 0.2, Max: 0.4, Diff: 0.4, Sum: 2.0]
         [Termination Attempts: Min: 1, Avg: 1.8, Max: 3, Diff: 2, Sum: 14]
      [GC Worker Other (ms): Min: 0.0, Avg: 0.0, Max: 0.0, Diff: 0.0, Sum: 0.1]
      [GC Worker Total (ms): Min: 8.9, Avg: 9.0, Max: 9.1, Diff: 0.2, Sum: 72.0]
      [GC Worker End (ms): Min: 327.9, Avg: 328.0, Max: 328.1, Diff: 0.2]
   [Code Root Fixup: 0.0 ms]
   [Code Root Purge: 0.0 ms]
   [Clear CT: 0.1 ms]
   [Other: 0.5 ms]
      [Choose CSet: 0.0 ms]
      [Ref Proc: 0.2 ms]
      [Ref Enq: 0.0 ms]
      [Redirty Cards: 0.1 ms]
      [Humongous Register: 0.1 ms]
      [Humongous Reclaim: 0.0 ms]
      [Free CSet: 0.0 ms]
   [Eden: 63488.0K(63488.0K)->0.0B(72704.0K) Survivors: 9216.0K->9216.0K Heap: 269.4M(1024.0M)->224.1M(1024.0M)]
 [Times: user=0.02 sys=0.04, real=0.01 secs] 
2020-10-27T17:59:47.565-0800: 0.349: [GC pause (G1 Evacuation Pause) (young), 0.0134667 secs]
   [Parallel Time: 12.2 ms, GC Workers: 8]
      [GC Worker Start (ms): Min: 348.8, Avg: 348.9, Max: 349.1, Diff: 0.3]
      [Ext Root Scanning (ms): Min: 0.0, Avg: 0.1, Max: 0.2, Diff: 0.2, Sum: 0.8]
      [Update RS (ms): Min: 0.0, Avg: 0.2, Max: 0.3, Diff: 0.2, Sum: 1.4]
         [Processed Buffers: Min: 0, Avg: 2.4, Max: 3, Diff: 3, Sum: 19]
      [Scan RS (ms): Min: 0.0, Avg: 0.0, Max: 0.0, Diff: 0.0, Sum: 0.0]
      [Code Root Scanning (ms): Min: 0.0, Avg: 0.0, Max: 0.0, Diff: 0.0, Sum: 0.0]
      [Object Copy (ms): Min: 11.1, Avg: 11.4, Max: 11.5, Diff: 0.5, Sum: 90.9]
      [Termination (ms): Min: 0.0, Avg: 0.2, Max: 0.7, Diff: 0.7, Sum: 1.9]
         [Termination Attempts: Min: 1, Avg: 1.0, Max: 1, Diff: 0, Sum: 8]
      [GC Worker Other (ms): Min: 0.0, Avg: 0.0, Max: 0.0, Diff: 0.0, Sum: 0.1]
      [GC Worker Total (ms): Min: 11.7, Avg: 11.9, Max: 12.1, Diff: 0.4, Sum: 95.2]
      [GC Worker End (ms): Min: 360.7, Avg: 360.8, Max: 360.9, Diff: 0.2]
   [Code Root Fixup: 0.0 ms]
   [Code Root Purge: 0.0 ms]
   [Clear CT: 0.3 ms]
   [Other: 1.0 ms]
      [Choose CSet: 0.0 ms]
      [Ref Proc: 0.4 ms]
      [Ref Enq: 0.0 ms]
      [Redirty Cards: 0.2 ms]
      [Humongous Register: 0.1 ms]
      [Humongous Reclaim: 0.1 ms]
      [Free CSet: 0.0 ms]
   [Eden: 72704.0K(72704.0K)->0.0B(100352.0K) Survivors: 9216.0K->10240.0K Heap: 315.8M(1024.0M)->255.2M(1024.0M)]
 [Times: user=0.02 sys=0.05, real=0.01 secs] 
2020-10-27T17:59:47.605-0800: 0.389: [GC pause (G1 Evacuation Pause) (young), 0.0145838 secs]
   [Parallel Time: 13.8 ms, GC Workers: 8]
      [GC Worker Start (ms): Min: 389.0, Avg: 389.1, Max: 389.1, Diff: 0.1]
      [Ext Root Scanning (ms): Min: 0.1, Avg: 0.1, Max: 0.2, Diff: 0.1, Sum: 0.8]
      [Update RS (ms): Min: 0.1, Avg: 0.2, Max: 0.2, Diff: 0.1, Sum: 1.4]
         [Processed Buffers: Min: 0, Avg: 2.5, Max: 3, Diff: 3, Sum: 20]
      [Scan RS (ms): Min: 0.0, Avg: 0.0, Max: 0.0, Diff: 0.0, Sum: 0.1]
      [Code Root Scanning (ms): Min: 0.0, Avg: 0.0, Max: 0.0, Diff: 0.0, Sum: 0.0]
      [Object Copy (ms): Min: 12.9, Avg: 13.0, Max: 13.2, Diff: 0.4, Sum: 104.4]
      [Termination (ms): Min: 0.0, Avg: 0.3, Max: 0.6, Diff: 0.5, Sum: 2.5]
         [Termination Attempts: Min: 1, Avg: 1.8, Max: 3, Diff: 2, Sum: 14]
      [GC Worker Other (ms): Min: 0.0, Avg: 0.0, Max: 0.0, Diff: 0.0, Sum: 0.1]
      [GC Worker Total (ms): Min: 13.5, Avg: 13.7, Max: 13.8, Diff: 0.2, Sum: 109.2]
      [GC Worker End (ms): Min: 402.6, Avg: 402.7, Max: 402.8, Diff: 0.2]
   [Code Root Fixup: 0.0 ms]
   [Code Root Purge: 0.0 ms]
   [Clear CT: 0.2 ms]
   [Other: 0.6 ms]
      [Choose CSet: 0.0 ms]
      [Ref Proc: 0.2 ms]
      [Ref Enq: 0.0 ms]
      [Redirty Cards: 0.1 ms]
      [Humongous Register: 0.1 ms]
      [Humongous Reclaim: 0.1 ms]
      [Free CSet: 0.0 ms]
   [Eden: 100352.0K(100352.0K)->0.0B(91136.0K) Survivors: 10240.0K->14336.0K Heap: 373.7M(1024.0M)->288.1M(1024.0M)]
 [Times: user=0.02 sys=0.07, real=0.02 secs] 
2020-10-27T17:59:47.643-0800: 0.427: [GC pause (G1 Evacuation Pause) (young), 0.0142565 secs]
   [Parallel Time: 13.5 ms, GC Workers: 8]
      [GC Worker Start (ms): Min: 427.3, Avg: 427.4, Max: 427.4, Diff: 0.1]
      [Ext Root Scanning (ms): Min: 0.1, Avg: 0.1, Max: 0.2, Diff: 0.1, Sum: 0.8]
      [Update RS (ms): Min: 0.2, Avg: 0.2, Max: 0.3, Diff: 0.1, Sum: 1.8]
         [Processed Buffers: Min: 0, Avg: 3.1, Max: 4, Diff: 4, Sum: 25]
      [Scan RS (ms): Min: 0.0, Avg: 0.0, Max: 0.0, Diff: 0.0, Sum: 0.1]
      [Code Root Scanning (ms): Min: 0.0, Avg: 0.0, Max: 0.0, Diff: 0.0, Sum: 0.0]
      [Object Copy (ms): Min: 12.6, Avg: 12.8, Max: 12.8, Diff: 0.3, Sum: 102.2]
      [Termination (ms): Min: 0.0, Avg: 0.1, Max: 0.5, Diff: 0.5, Sum: 0.9]
         [Termination Attempts: Min: 1, Avg: 1.0, Max: 1, Diff: 0, Sum: 8]
      [GC Worker Other (ms): Min: 0.0, Avg: 0.0, Max: 0.0, Diff: 0.0, Sum: 0.1]
      [GC Worker Total (ms): Min: 13.1, Avg: 13.2, Max: 13.4, Diff: 0.3, Sum: 105.8]
      [GC Worker End (ms): Min: 440.6, Avg: 440.6, Max: 440.8, Diff: 0.3]
   [Code Root Fixup: 0.0 ms]
   [Code Root Purge: 0.0 ms]
   [Clear CT: 0.1 ms]
   [Other: 0.6 ms]
      [Choose CSet: 0.0 ms]
      [Ref Proc: 0.2 ms]
      [Ref Enq: 0.0 ms]
      [Redirty Cards: 0.1 ms]
      [Humongous Register: 0.1 ms]
      [Humongous Reclaim: 0.1 ms]
      [Free CSet: 0.0 ms]
   [Eden: 91136.0K(91136.0K)->0.0B(94208.0K) Survivors: 14336.0K->13312.0K Heap: 413.1M(1024.0M)->326.6M(1024.0M)]
 [Times: user=0.03 sys=0.06, real=0.01 secs] 
2020-10-27T17:59:47.676-0800: 0.460: [GC pause (G1 Evacuation Pause) (young), 0.0094818 secs]
   [Parallel Time: 8.9 ms, GC Workers: 8]
      [GC Worker Start (ms): Min: 460.1, Avg: 460.2, Max: 460.2, Diff: 0.1]
      [Ext Root Scanning (ms): Min: 0.1, Avg: 0.1, Max: 0.2, Diff: 0.1, Sum: 0.8]
      [Update RS (ms): Min: 0.2, Avg: 0.2, Max: 0.3, Diff: 0.2, Sum: 1.7]
         [Processed Buffers: Min: 0, Avg: 2.9, Max: 4, Diff: 4, Sum: 23]
      [Scan RS (ms): Min: 0.0, Avg: 0.0, Max: 0.0, Diff: 0.0, Sum: 0.1]
      [Code Root Scanning (ms): Min: 0.0, Avg: 0.0, Max: 0.0, Diff: 0.0, Sum: 0.0]
      [Object Copy (ms): Min: 7.9, Avg: 8.1, Max: 8.3, Diff: 0.4, Sum: 65.1]
      [Termination (ms): Min: 0.0, Avg: 0.3, Max: 0.6, Diff: 0.6, Sum: 2.3]
         [Termination Attempts: Min: 1, Avg: 1.0, Max: 1, Diff: 0, Sum: 8]
      [GC Worker Other (ms): Min: 0.0, Avg: 0.0, Max: 0.0, Diff: 0.0, Sum: 0.1]
      [GC Worker Total (ms): Min: 8.6, Avg: 8.8, Max: 8.9, Diff: 0.2, Sum: 70.0]
      [GC Worker End (ms): Min: 468.9, Avg: 468.9, Max: 469.0, Diff: 0.2]
   [Code Root Fixup: 0.0 ms]
   [Code Root Purge: 0.0 ms]
   [Clear CT: 0.1 ms]
   [Other: 0.5 ms]
      [Choose CSet: 0.0 ms]
      [Ref Proc: 0.1 ms]
      [Ref Enq: 0.0 ms]
      [Redirty Cards: 0.1 ms]
      [Humongous Register: 0.1 ms]
      [Humongous Reclaim: 0.1 ms]
      [Free CSet: 0.0 ms]
   [Eden: 94208.0K(94208.0K)->0.0B(120.0M) Survivors: 13312.0K->14336.0K Heap: 443.8M(1024.0M)->353.0M(1024.0M)]
 [Times: user=0.02 sys=0.04, real=0.01 secs] 
2020-10-27T17:59:47.708-0800: 0.492: [GC pause (G1 Evacuation Pause) (young), 0.0181918 secs]
   [Parallel Time: 17.2 ms, GC Workers: 8]
      [GC Worker Start (ms): Min: 492.3, Avg: 492.4, Max: 492.5, Diff: 0.1]
      [Ext Root Scanning (ms): Min: 0.1, Avg: 0.1, Max: 0.2, Diff: 0.1, Sum: 0.8]
      [Update RS (ms): Min: 0.1, Avg: 0.2, Max: 0.3, Diff: 0.2, Sum: 2.0]
         [Processed Buffers: Min: 0, Avg: 3.6, Max: 5, Diff: 5, Sum: 29]
      [Scan RS (ms): Min: 0.0, Avg: 0.0, Max: 0.0, Diff: 0.0, Sum: 0.1]
      [Code Root Scanning (ms): Min: 0.0, Avg: 0.0, Max: 0.0, Diff: 0.0, Sum: 0.0]
      [Object Copy (ms): Min: 16.2, Avg: 16.3, Max: 16.5, Diff: 0.3, Sum: 130.6]
      [Termination (ms): Min: 0.0, Avg: 0.2, Max: 0.4, Diff: 0.4, Sum: 2.0]
         [Termination Attempts: Min: 1, Avg: 1.0, Max: 1, Diff: 0, Sum: 8]
      [GC Worker Other (ms): Min: 0.0, Avg: 0.0, Max: 0.0, Diff: 0.0, Sum: 0.1]
      [GC Worker Total (ms): Min: 16.8, Avg: 16.9, Max: 17.0, Diff: 0.2, Sum: 135.6]
      [GC Worker End (ms): Min: 509.3, Avg: 509.4, Max: 509.5, Diff: 0.2]
   [Code Root Fixup: 0.0 ms]
   [Code Root Purge: 0.0 ms]
   [Clear CT: 0.3 ms]
   [Other: 0.7 ms]
      [Choose CSet: 0.0 ms]
      [Ref Proc: 0.2 ms]
      [Ref Enq: 0.0 ms]
      [Redirty Cards: 0.2 ms]
      [Humongous Register: 0.1 ms]
      [Humongous Reclaim: 0.1 ms]
      [Free CSet: 0.0 ms]
   [Eden: 120.0M(120.0M)->0.0B(115.0M) Survivors: 14336.0K->17408.0K Heap: 493.1M(1024.0M)->391.4M(1024.0M)]
 [Times: user=0.02 sys=0.08, real=0.02 secs] 
2020-10-27T17:59:47.744-0800: 0.528: [GC pause (G1 Evacuation Pause) (young), 0.0146439 secs]
   [Parallel Time: 14.0 ms, GC Workers: 8]
      [GC Worker Start (ms): Min: 527.9, Avg: 528.0, Max: 528.0, Diff: 0.1]
      [Ext Root Scanning (ms): Min: 0.1, Avg: 0.1, Max: 0.2, Diff: 0.1, Sum: 0.8]
      [Update RS (ms): Min: 0.2, Avg: 0.2, Max: 0.3, Diff: 0.1, Sum: 1.9]
         [Processed Buffers: Min: 0, Avg: 3.2, Max: 4, Diff: 4, Sum: 26]
      [Scan RS (ms): Min: 0.0, Avg: 0.0, Max: 0.0, Diff: 0.0, Sum: 0.1]
      [Code Root Scanning (ms): Min: 0.0, Avg: 0.0, Max: 0.0, Diff: 0.0, Sum: 0.0]
      [Object Copy (ms): Min: 13.2, Avg: 13.3, Max: 13.3, Diff: 0.1, Sum: 106.3]
      [Termination (ms): Min: 0.0, Avg: 0.2, Max: 0.2, Diff: 0.2, Sum: 1.2]
         [Termination Attempts: Min: 1, Avg: 1.0, Max: 1, Diff: 0, Sum: 8]
      [GC Worker Other (ms): Min: 0.0, Avg: 0.0, Max: 0.0, Diff: 0.0, Sum: 0.1]
      [GC Worker Total (ms): Min: 13.8, Avg: 13.8, Max: 13.9, Diff: 0.1, Sum: 110.5]
      [GC Worker End (ms): Min: 541.8, Avg: 541.8, Max: 541.8, Diff: 0.1]
   [Code Root Fixup: 0.0 ms]
   [Code Root Purge: 0.0 ms]
   [Clear CT: 0.1 ms]
   [Other: 0.6 ms]
      [Choose CSet: 0.0 ms]
      [Ref Proc: 0.3 ms]
      [Ref Enq: 0.0 ms]
      [Redirty Cards: 0.1 ms]
      [Humongous Register: 0.1 ms]
      [Humongous Reclaim: 0.1 ms]
      [Free CSet: 0.0 ms]
   [Eden: 115.0M(115.0M)->0.0B(136.0M) Survivors: 17408.0K->17408.0K Heap: 530.7M(1024.0M)->427.7M(1024.0M)]
 [Times: user=0.02 sys=0.06, real=0.01 secs] 
2020-10-27T17:59:47.763-0800: 0.547: [GC pause (G1 Humongous Allocation) (young) (initial-mark), 0.0033019 secs]
   [Parallel Time: 2.7 ms, GC Workers: 8]
      [GC Worker Start (ms): Min: 547.2, Avg: 547.3, Max: 547.3, Diff: 0.1]
      [Ext Root Scanning (ms): Min: 0.1, Avg: 0.1, Max: 0.2, Diff: 0.1, Sum: 0.9]
      [Update RS (ms): Min: 0.3, Avg: 0.3, Max: 0.3, Diff: 0.0, Sum: 2.4]
         [Processed Buffers: Min: 5, Avg: 5.1, Max: 6, Diff: 1, Sum: 41]
      [Scan RS (ms): Min: 0.0, Avg: 0.0, Max: 0.0, Diff: 0.0, Sum: 0.0]
      [Code Root Scanning (ms): Min: 0.0, Avg: 0.0, Max: 0.0, Diff: 0.0, Sum: 0.0]
      [Object Copy (ms): Min: 1.9, Avg: 2.0, Max: 2.1, Diff: 0.2, Sum: 16.2]
      [Termination (ms): Min: 0.0, Avg: 0.1, Max: 0.2, Diff: 0.2, Sum: 1.1]
         [Termination Attempts: Min: 1, Avg: 1.0, Max: 1, Diff: 0, Sum: 8]
      [GC Worker Other (ms): Min: 0.0, Avg: 0.0, Max: 0.0, Diff: 0.0, Sum: 0.1]
      [GC Worker Total (ms): Min: 2.5, Avg: 2.6, Max: 2.7, Diff: 0.1, Sum: 20.6]
      [GC Worker End (ms): Min: 549.8, Avg: 549.8, Max: 549.9, Diff: 0.1]
   [Code Root Fixup: 0.0 ms]
   [Code Root Purge: 0.0 ms]
   [Clear CT: 0.1 ms]
   [Other: 0.5 ms]
      [Choose CSet: 0.0 ms]
      [Ref Proc: 0.2 ms]
      [Ref Enq: 0.0 ms]
      [Redirty Cards: 0.1 ms]
      [Humongous Register: 0.1 ms]
      [Humongous Reclaim: 0.0 ms]
      [Free CSet: 0.0 ms]
   [Eden: 19456.0K(136.0M)->0.0B(148.0M) Survivors: 17408.0K->6144.0K Heap: 450.6M(1024.0M)->433.9M(1024.0M)]
 [Times: user=0.01 sys=0.00, real=0.00 secs] 
2020-10-27T17:59:47.766-0800: 0.550: [GC concurrent-root-region-scan-start]
2020-10-27T17:59:47.767-0800: 0.551: [GC concurrent-root-region-scan-end, 0.0000775 secs]
2020-10-27T17:59:47.767-0800: 0.551: [GC concurrent-mark-start]
2020-10-27T17:59:47.769-0800: 0.553: [GC concurrent-mark-end, 0.0027905 secs]
2020-10-27T17:59:47.769-0800: 0.553: [GC remark 2020-10-27T17:59:47.769-0800: 0.553: [Finalize Marking, 0.0001694 secs] 2020-10-27T17:59:47.770-0800: 0.554: [GC ref-proc, 0.0000426 secs] 2020-10-27T17:59:47.770-0800: 0.554: [Unloading, 0.0004174 secs], 0.0012389 secs]
 [Times: user=0.01 sys=0.00, real=0.01 secs] 
2020-10-27T17:59:47.771-0800: 0.555: [GC cleanup 455M->444M(1024M), 0.0006833 secs]
 [Times: user=0.00 sys=0.00, real=0.00 secs] 
2020-10-27T17:59:47.772-0800: 0.556: [GC concurrent-cleanup-start]
2020-10-27T17:59:47.772-0800: 0.556: [GC concurrent-cleanup-end, 0.0000158 secs]
2020-10-27T17:59:47.808-0800: 0.592: [GC pause (G1 Evacuation Pause) (young), 0.0172231 secs]
   [Parallel Time: 16.4 ms, GC Workers: 8]
      [GC Worker Start (ms): Min: 591.7, Avg: 591.8, Max: 591.9, Diff: 0.2]
      [Ext Root Scanning (ms): Min: 0.0, Avg: 0.1, Max: 0.2, Diff: 0.2, Sum: 0.8]
      [Update RS (ms): Min: 0.2, Avg: 0.3, Max: 0.3, Diff: 0.1, Sum: 2.1]
         [Processed Buffers: Min: 0, Avg: 3.8, Max: 5, Diff: 5, Sum: 30]
      [Scan RS (ms): Min: 0.0, Avg: 0.0, Max: 0.0, Diff: 0.0, Sum: 0.1]
      [Code Root Scanning (ms): Min: 0.0, Avg: 0.0, Max: 0.0, Diff: 0.0, Sum: 0.0]
      [Object Copy (ms): Min: 15.3, Avg: 15.5, Max: 15.7, Diff: 0.4, Sum: 123.9]
      [Termination (ms): Min: 0.0, Avg: 0.3, Max: 0.6, Diff: 0.6, Sum: 2.1]
         [Termination Attempts: Min: 1, Avg: 1.9, Max: 3, Diff: 2, Sum: 15]
      [GC Worker Other (ms): Min: 0.0, Avg: 0.0, Max: 0.0, Diff: 0.0, Sum: 0.1]
      [GC Worker Total (ms): Min: 16.0, Avg: 16.1, Max: 16.3, Diff: 0.2, Sum: 129.1]
      [GC Worker End (ms): Min: 607.9, Avg: 608.0, Max: 608.0, Diff: 0.1]
   [Code Root Fixup: 0.0 ms]
   [Code Root Purge: 0.0 ms]
   [Clear CT: 0.2 ms]
   [Other: 0.6 ms]
      [Choose CSet: 0.0 ms]
      [Ref Proc: 0.2 ms]
      [Ref Enq: 0.0 ms]
      [Redirty Cards: 0.1 ms]
      [Humongous Register: 0.1 ms]
      [Humongous Reclaim: 0.1 ms]
      [Free CSet: 0.0 ms]
   [Eden: 148.0M(148.0M)->0.0B(31744.0K) Survivors: 6144.0K->20480.0K Heap: 609.4M(1024.0M)->476.1M(1024.0M)]
 [Times: user=0.03 sys=0.08, real=0.02 secs] 
2020-10-27T17:59:47.830-0800: 0.614: [GC pause (G1 Evacuation Pause) (mixed), 0.0048452 secs]
   [Parallel Time: 4.2 ms, GC Workers: 8]
      [GC Worker Start (ms): Min: 614.1, Avg: 614.2, Max: 614.2, Diff: 0.1]
      [Ext Root Scanning (ms): Min: 0.1, Avg: 0.1, Max: 0.2, Diff: 0.1, Sum: 0.8]
      [Update RS (ms): Min: 0.4, Avg: 0.4, Max: 0.4, Diff: 0.0, Sum: 3.4]
         [Processed Buffers: Min: 2, Avg: 6.2, Max: 7, Diff: 5, Sum: 50]
      [Scan RS (ms): Min: 0.0, Avg: 0.0, Max: 0.0, Diff: 0.0, Sum: 0.2]
      [Code Root Scanning (ms): Min: 0.0, Avg: 0.0, Max: 0.0, Diff: 0.0, Sum: 0.0]
      [Object Copy (ms): Min: 3.3, Avg: 3.4, Max: 3.5, Diff: 0.2, Sum: 27.3]
      [Termination (ms): Min: 0.0, Avg: 0.1, Max: 0.2, Diff: 0.2, Sum: 0.9]
         [Termination Attempts: Min: 1, Avg: 1.0, Max: 1, Diff: 0, Sum: 8]
      [GC Worker Other (ms): Min: 0.0, Avg: 0.0, Max: 0.0, Diff: 0.0, Sum: 0.1]
      [GC Worker Total (ms): Min: 4.1, Avg: 4.1, Max: 4.2, Diff: 0.1, Sum: 32.8]
      [GC Worker End (ms): Min: 618.3, Avg: 618.3, Max: 618.3, Diff: 0.0]
   [Code Root Fixup: 0.0 ms]
   [Code Root Purge: 0.0 ms]
   [Clear CT: 0.1 ms]
   [Other: 0.5 ms]
      [Choose CSet: 0.0 ms]
      [Ref Proc: 0.1 ms]
      [Ref Enq: 0.0 ms]
      [Redirty Cards: 0.1 ms]
      [Humongous Register: 0.1 ms]
      [Humongous Reclaim: 0.0 ms]
      [Free CSet: 0.1 ms]
   [Eden: 31744.0K(31744.0K)->0.0B(45056.0K) Survivors: 20480.0K->7168.0K Heap: 518.3M(1024.0M)->444.2M(1024.0M)]
 [Times: user=0.02 sys=0.01, real=0.00 secs] 
2020-10-27T17:59:47.841-0800: 0.625: [GC pause (G1 Evacuation Pause) (mixed), 0.0052035 secs]
   [Parallel Time: 4.5 ms, GC Workers: 8]
      [GC Worker Start (ms): Min: 625.5, Avg: 625.6, Max: 625.6, Diff: 0.1]
      [Ext Root Scanning (ms): Min: 0.1, Avg: 0.1, Max: 0.2, Diff: 0.1, Sum: 0.8]
      [Update RS (ms): Min: 0.3, Avg: 0.4, Max: 0.4, Diff: 0.0, Sum: 2.8]
         [Processed Buffers: Min: 1, Avg: 5.2, Max: 6, Diff: 5, Sum: 42]
      [Scan RS (ms): Min: 0.0, Avg: 0.0, Max: 0.1, Diff: 0.1, Sum: 0.3]
      [Code Root Scanning (ms): Min: 0.0, Avg: 0.0, Max: 0.0, Diff: 0.0, Sum: 0.0]
      [Object Copy (ms): Min: 3.8, Avg: 3.8, Max: 3.9, Diff: 0.1, Sum: 30.5]
      [Termination (ms): Min: 0.0, Avg: 0.1, Max: 0.1, Diff: 0.1, Sum: 0.7]
         [Termination Attempts: Min: 1, Avg: 1.1, Max: 2, Diff: 1, Sum: 9]
      [GC Worker Other (ms): Min: 0.0, Avg: 0.0, Max: 0.0, Diff: 0.0, Sum: 0.1]
      [GC Worker Total (ms): Min: 4.4, Avg: 4.4, Max: 4.5, Diff: 0.1, Sum: 35.2]
      [GC Worker End (ms): Min: 630.0, Avg: 630.0, Max: 630.0, Diff: 0.1]
   [Code Root Fixup: 0.0 ms]
   [Code Root Purge: 0.0 ms]
   [Clear CT: 0.1 ms]
   [Other: 0.6 ms]
      [Choose CSet: 0.0 ms]
      [Ref Proc: 0.2 ms]
      [Ref Enq: 0.0 ms]
      [Redirty Cards: 0.1 ms]
      [Humongous Register: 0.1 ms]
      [Humongous Reclaim: 0.0 ms]
      [Free CSet: 0.1 ms]
   [Eden: 45056.0K(45056.0K)->0.0B(45056.0K) Survivors: 7168.0K->7168.0K Heap: 503.7M(1024.0M)->421.3M(1024.0M)]
 [Times: user=0.03 sys=0.01, real=0.00 secs] 
2020-10-27T17:59:47.857-0800: 0.641: [GC pause (G1 Evacuation Pause) (mixed), 0.0044064 secs]
   [Parallel Time: 3.7 ms, GC Workers: 8]
      [GC Worker Start (ms): Min: 641.2, Avg: 641.2, Max: 641.2, Diff: 0.1]
      [Ext Root Scanning (ms): Min: 0.1, Avg: 0.1, Max: 0.2, Diff: 0.1, Sum: 0.9]
      [Update RS (ms): Min: 0.5, Avg: 0.5, Max: 0.5, Diff: 0.0, Sum: 4.1]
         [Processed Buffers: Min: 4, Avg: 7.1, Max: 8, Diff: 4, Sum: 57]
      [Scan RS (ms): Min: 0.0, Avg: 0.0, Max: 0.0, Diff: 0.0, Sum: 0.2]
      [Code Root Scanning (ms): Min: 0.0, Avg: 0.0, Max: 0.0, Diff: 0.0, Sum: 0.0]
      [Object Copy (ms): Min: 2.8, Avg: 2.9, Max: 2.9, Diff: 0.1, Sum: 22.9]
      [Termination (ms): Min: 0.0, Avg: 0.1, Max: 0.1, Diff: 0.1, Sum: 0.7]
         [Termination Attempts: Min: 1, Avg: 1.0, Max: 1, Diff: 0, Sum: 8]
      [GC Worker Other (ms): Min: 0.0, Avg: 0.0, Max: 0.0, Diff: 0.0, Sum: 0.1]
      [GC Worker Total (ms): Min: 3.5, Avg: 3.6, Max: 3.6, Diff: 0.1, Sum: 28.8]
      [GC Worker End (ms): Min: 644.8, Avg: 644.8, Max: 644.8, Diff: 0.1]
   [Code Root Fixup: 0.0 ms]
   [Code Root Purge: 0.0 ms]
   [Clear CT: 0.1 ms]
   [Other: 0.6 ms]
      [Choose CSet: 0.0 ms]
      [Ref Proc: 0.2 ms]
      [Ref Enq: 0.0 ms]
      [Redirty Cards: 0.1 ms]
      [Humongous Register: 0.1 ms]
      [Humongous Reclaim: 0.0 ms]
      [Free CSet: 0.0 ms]
   [Eden: 45056.0K(45056.0K)->0.0B(248.0M) Survivors: 7168.0K->7168.0K Heap: 475.5M(1024.0M)->419.4M(1024.0M)]
 [Times: user=0.03 sys=0.00, real=0.01 secs] 
2020-10-27T17:59:47.862-0800: 0.646: [GC pause (G1 Humongous Allocation) (young) (initial-mark), 0.0015200 secs]
   [Parallel Time: 0.9 ms, GC Workers: 8]
      [GC Worker Start (ms): Min: 646.0, Avg: 646.0, Max: 646.1, Diff: 0.1]
      [Ext Root Scanning (ms): Min: 0.1, Avg: 0.1, Max: 0.2, Diff: 0.1, Sum: 1.0]
      [Update RS (ms): Min: 0.0, Avg: 0.1, Max: 0.2, Diff: 0.2, Sum: 0.7]
         [Processed Buffers: Min: 1, Avg: 1.1, Max: 2, Diff: 1, Sum: 9]
      [Scan RS (ms): Min: 0.0, Avg: 0.0, Max: 0.0, Diff: 0.0, Sum: 0.0]
      [Code Root Scanning (ms): Min: 0.0, Avg: 0.0, Max: 0.0, Diff: 0.0, Sum: 0.0]
      [Object Copy (ms): Min: 0.3, Avg: 0.5, Max: 0.6, Diff: 0.3, Sum: 3.8]
      [Termination (ms): Min: 0.0, Avg: 0.0, Max: 0.1, Diff: 0.1, Sum: 0.4]
         [Termination Attempts: Min: 1, Avg: 1.0, Max: 1, Diff: 0, Sum: 8]
      [GC Worker Other (ms): Min: 0.0, Avg: 0.0, Max: 0.0, Diff: 0.0, Sum: 0.1]
      [GC Worker Total (ms): Min: 0.7, Avg: 0.7, Max: 0.8, Diff: 0.1, Sum: 6.0]
      [GC Worker End (ms): Min: 646.8, Avg: 646.8, Max: 646.8, Diff: 0.0]
   [Code Root Fixup: 0.0 ms]
   [Code Root Purge: 0.0 ms]
   [Clear CT: 0.1 ms]
   [Other: 0.5 ms]
      [Choose CSet: 0.0 ms]
      [Ref Proc: 0.2 ms]
      [Ref Enq: 0.0 ms]
      [Redirty Cards: 0.1 ms]
      [Humongous Register: 0.1 ms]
      [Humongous Reclaim: 0.0 ms]
      [Free CSet: 0.0 ms]
   [Eden: 2048.0K(248.0M)->0.0B(341.0M) Survivors: 7168.0K->7168.0K Heap: 420.6M(1024.0M)->419.1M(1024.0M)]
 [Times: user=0.00 sys=0.00, real=0.00 secs] 
2020-10-27T17:59:47.863-0800: 0.648: [GC concurrent-root-region-scan-start]
2020-10-27T17:59:47.864-0800: 0.648: [GC concurrent-root-region-scan-end, 0.0000921 secs]
2020-10-27T17:59:47.864-0800: 0.648: [GC concurrent-mark-start]
2020-10-27T17:59:47.865-0800: 0.649: [GC concurrent-mark-end, 0.0010955 secs]
2020-10-27T17:59:47.865-0800: 0.649: [GC remark 2020-10-27T17:59:47.865-0800: 0.649: [Finalize Marking, 0.0002208 secs] 2020-10-27T17:59:47.865-0800: 0.649: [GC ref-proc, 0.0000714 secs] 2020-10-27T17:59:47.865-0800: 0.649: [Unloading, 0.0005223 secs], 0.0016106 secs]
 [Times: user=0.01 sys=0.00, real=0.00 secs] 
2020-10-27T17:59:47.867-0800: 0.651: [GC cleanup 426M->424M(1024M), 0.0007587 secs]
 [Times: user=0.00 sys=0.00, real=0.00 secs] 
2020-10-27T17:59:47.867-0800: 0.651: [GC concurrent-cleanup-start]
2020-10-27T17:59:47.867-0800: 0.651: [GC concurrent-cleanup-end, 0.0000102 secs]
2020-10-27T17:59:47.998-0800: 0.782: [GC pause (G1 Evacuation Pause) (young) (to-space exhausted), 0.0371070 secs]
   [Parallel Time: 36.2 ms, GC Workers: 8]
      [GC Worker Start (ms): Min: 781.8, Avg: 781.9, Max: 781.9, Diff: 0.1]
      [Ext Root Scanning (ms): Min: 0.1, Avg: 0.1, Max: 0.2, Diff: 0.1, Sum: 0.8]
      [Update RS (ms): Min: 0.4, Avg: 0.4, Max: 0.4, Diff: 0.1, Sum: 3.3]
         [Processed Buffers: Min: 0, Avg: 5.9, Max: 7, Diff: 7, Sum: 47]
      [Scan RS (ms): Min: 0.0, Avg: 0.0, Max: 0.0, Diff: 0.0, Sum: 0.2]
      [Code Root Scanning (ms): Min: 0.0, Avg: 0.0, Max: 0.0, Diff: 0.0, Sum: 0.0]
      [Object Copy (ms): Min: 34.7, Avg: 35.0, Max: 35.3, Diff: 0.6, Sum: 280.4]
      [Termination (ms): Min: 0.0, Avg: 0.4, Max: 0.7, Diff: 0.7, Sum: 2.8]
         [Termination Attempts: Min: 1, Avg: 1.8, Max: 3, Diff: 2, Sum: 14]
      [GC Worker Other (ms): Min: 0.0, Avg: 0.0, Max: 0.0, Diff: 0.0, Sum: 0.1]
      [GC Worker Total (ms): Min: 35.9, Avg: 36.0, Max: 36.1, Diff: 0.2, Sum: 287.7]
      [GC Worker End (ms): Min: 817.8, Avg: 817.9, Max: 818.0, Diff: 0.2]
   [Code Root Fixup: 0.0 ms]
   [Code Root Purge: 0.0 ms]
   [Clear CT: 0.1 ms]
   [Other: 0.8 ms]
      [Evacuation Failure: 0.1 ms]
      [Choose CSet: 0.0 ms]
      [Ref Proc: 0.2 ms]
      [Ref Enq: 0.0 ms]
      [Redirty Cards: 0.1 ms]
      [Humongous Register: 0.1 ms]
      [Humongous Reclaim: 0.1 ms]
      [Free CSet: 0.1 ms]
   [Eden: 341.0M(341.0M)->0.0B(7168.0K) Survivors: 7168.0K->45056.0K Heap: 831.9M(1024.0M)->531.0M(1024.0M)]
 [Times: user=0.05 sys=0.17, real=0.04 secs] 
2020-10-27T17:59:48.036-0800: 0.820: [GC pause (G1 Evacuation Pause) (mixed), 0.0075040 secs]
   [Parallel Time: 6.8 ms, GC Workers: 8]
      [GC Worker Start (ms): Min: 820.3, Avg: 820.3, Max: 820.4, Diff: 0.1]
      [Ext Root Scanning (ms): Min: 0.1, Avg: 0.1, Max: 0.2, Diff: 0.1, Sum: 0.7]
      [Update RS (ms): Min: 0.1, Avg: 0.1, Max: 0.1, Diff: 0.0, Sum: 0.8]
         [Processed Buffers: Min: 1, Avg: 1.9, Max: 3, Diff: 2, Sum: 15]
      [Scan RS (ms): Min: 0.0, Avg: 0.0, Max: 0.0, Diff: 0.0, Sum: 0.3]
      [Code Root Scanning (ms): Min: 0.0, Avg: 0.0, Max: 0.0, Diff: 0.0, Sum: 0.0]
      [Object Copy (ms): Min: 6.4, Avg: 6.4, Max: 6.4, Diff: 0.1, Sum: 51.2]
      [Termination (ms): Min: 0.0, Avg: 0.0, Max: 0.1, Diff: 0.1, Sum: 0.3]
         [Termination Attempts: Min: 1, Avg: 1.0, Max: 1, Diff: 0, Sum: 8]
      [GC Worker Other (ms): Min: 0.0, Avg: 0.0, Max: 0.0, Diff: 0.0, Sum: 0.1]
      [GC Worker Total (ms): Min: 6.6, Avg: 6.7, Max: 6.7, Diff: 0.1, Sum: 53.4]
      [GC Worker End (ms): Min: 827.0, Avg: 827.0, Max: 827.0, Diff: 0.0]
   [Code Root Fixup: 0.0 ms]
   [Code Root Purge: 0.0 ms]
   [Clear CT: 0.1 ms]
   [Other: 0.6 ms]
      [Choose CSet: 0.0 ms]
      [Ref Proc: 0.2 ms]
      [Ref Enq: 0.0 ms]
      [Redirty Cards: 0.1 ms]
      [Humongous Register: 0.1 ms]
      [Humongous Reclaim: 0.0 ms]
      [Free CSet: 0.1 ms]
   [Eden: 7168.0K(7168.0K)->0.0B(288.0M) Survivors: 45056.0K->3072.0K Heap: 538.6M(1024.0M)->474.9M(1024.0M)]
 [Times: user=0.04 sys=0.01, real=0.01 secs] 
2020-10-27T17:59:48.044-0800: 0.828: [GC pause (G1 Humongous Allocation) (young) (initial-mark), 0.0019731 secs]
   [Parallel Time: 1.4 ms, GC Workers: 8]
      [GC Worker Start (ms): Min: 828.1, Avg: 828.3, Max: 828.5, Diff: 0.4]
      [Ext Root Scanning (ms): Min: 0.0, Avg: 0.2, Max: 0.4, Diff: 0.4, Sum: 1.9]
      [Update RS (ms): Min: 0.0, Avg: 0.2, Max: 0.9, Diff: 0.9, Sum: 1.6]
         [Processed Buffers: Min: 1, Avg: 1.1, Max: 2, Diff: 1, Sum: 9]
      [Scan RS (ms): Min: 0.0, Avg: 0.0, Max: 0.0, Diff: 0.0, Sum: 0.0]
      [Code Root Scanning (ms): Min: 0.0, Avg: 0.0, Max: 0.0, Diff: 0.0, Sum: 0.0]
      [Object Copy (ms): Min: 0.0, Avg: 0.1, Max: 0.2, Diff: 0.2, Sum: 0.7]
      [Termination (ms): Min: 0.0, Avg: 0.7, Max: 0.8, Diff: 0.8, Sum: 5.3]
         [Termination Attempts: Min: 1, Avg: 1.2, Max: 2, Diff: 1, Sum: 10]
      [GC Worker Other (ms): Min: 0.0, Avg: 0.0, Max: 0.0, Diff: 0.0, Sum: 0.1]
      [GC Worker Total (ms): Min: 1.0, Avg: 1.2, Max: 1.4, Diff: 0.4, Sum: 9.6]
      [GC Worker End (ms): Min: 829.4, Avg: 829.4, Max: 829.5, Diff: 0.1]
   [Code Root Fixup: 0.0 ms]
   [Code Root Purge: 0.0 ms]
   [Clear CT: 0.1 ms]
   [Other: 0.5 ms]
      [Choose CSet: 0.0 ms]
      [Ref Proc: 0.2 ms]
      [Ref Enq: 0.0 ms]
      [Redirty Cards: 0.1 ms]
      [Humongous Register: 0.1 ms]
      [Humongous Reclaim: 0.0 ms]
      [Free CSet: 0.0 ms]
   [Eden: 1024.0K(288.0M)->0.0B(252.0M) Survivors: 3072.0K->3072.0K Heap: 475.8M(1024.0M)->475.5M(1024.0M)]
 [Times: user=0.01 sys=0.00, real=0.00 secs] 
2020-10-27T17:59:48.046-0800: 0.830: [GC concurrent-root-region-scan-start]
2020-10-27T17:59:48.046-0800: 0.830: [GC concurrent-root-region-scan-end, 0.0000815 secs]
2020-10-27T17:59:48.046-0800: 0.830: [GC concurrent-mark-start]
2020-10-27T17:59:48.047-0800: 0.831: [GC concurrent-mark-end, 0.0012467 secs]
2020-10-27T17:59:48.047-0800: 0.832: [GC remark 2020-10-27T17:59:48.048-0800: 0.832: [Finalize Marking, 0.0002133 secs] 2020-10-27T17:59:48.048-0800: 0.832: [GC ref-proc, 0.0000528 secs] 2020-10-27T17:59:48.048-0800: 0.832: [Unloading, 0.0005315 secs], 0.0016133 secs]
 [Times: user=0.01 sys=0.00, real=0.00 secs] 
2020-10-27T17:59:48.049-0800: 0.833: [GC cleanup 487M->484M(1024M), 0.0008159 secs]
 [Times: user=0.00 sys=0.00, real=0.01 secs] 
2020-10-27T17:59:48.050-0800: 0.834: [GC concurrent-cleanup-start]
2020-10-27T17:59:48.050-0800: 0.834: [GC concurrent-cleanup-end, 0.0000132 secs]
2020-10-27T17:59:48.091-0800: 0.875: [GC pause (G1 Evacuation Pause) (young), 0.0111888 secs]
   [Parallel Time: 9.5 ms, GC Workers: 8]
      [GC Worker Start (ms): Min: 875.1, Avg: 875.1, Max: 875.2, Diff: 0.1]
      [Ext Root Scanning (ms): Min: 0.1, Avg: 0.1, Max: 0.2, Diff: 0.1, Sum: 0.8]
      [Update RS (ms): Min: 0.4, Avg: 0.5, Max: 0.5, Diff: 0.1, Sum: 3.8]
         [Processed Buffers: Min: 2, Avg: 6.9, Max: 8, Diff: 6, Sum: 55]
      [Scan RS (ms): Min: 0.0, Avg: 0.0, Max: 0.0, Diff: 0.0, Sum: 0.2]
      [Code Root Scanning (ms): Min: 0.0, Avg: 0.0, Max: 0.0, Diff: 0.0, Sum: 0.0]
      [Object Copy (ms): Min: 7.8, Avg: 8.1, Max: 8.6, Diff: 0.8, Sum: 64.6]
      [Termination (ms): Min: 0.0, Avg: 0.6, Max: 0.9, Diff: 0.9, Sum: 4.6]
         [Termination Attempts: Min: 1, Avg: 1.0, Max: 1, Diff: 0, Sum: 8]
      [GC Worker Other (ms): Min: 0.0, Avg: 0.0, Max: 0.0, Diff: 0.0, Sum: 0.1]
      [GC Worker Total (ms): Min: 9.2, Avg: 9.3, Max: 9.3, Diff: 0.2, Sum: 74.2]
      [GC Worker End (ms): Min: 884.3, Avg: 884.4, Max: 884.4, Diff: 0.1]
   [Code Root Fixup: 0.0 ms]
   [Code Root Purge: 0.0 ms]
   [Clear CT: 0.1 ms]
   [Other: 1.6 ms]
      [Choose CSet: 0.0 ms]
      [Ref Proc: 1.1 ms]
      [Ref Enq: 0.0 ms]
      [Redirty Cards: 0.1 ms]
      [Humongous Register: 0.1 ms]
      [Humongous Reclaim: 0.1 ms]
      [Free CSet: 0.1 ms]
   [Eden: 252.0M(252.0M)->0.0B(19456.0K) Survivors: 3072.0K->32768.0K Heap: 777.8M(1024.0M)->548.0M(1024.0M)]
 [Times: user=0.05 sys=0.02, real=0.01 secs] 
2020-10-27T17:59:48.106-0800: 0.890: [GC pause (G1 Evacuation Pause) (mixed), 0.0087519 secs]
   [Parallel Time: 7.2 ms, GC Workers: 8]
      [GC Worker Start (ms): Min: 889.8, Avg: 889.9, Max: 890.7, Diff: 1.0]
      [Ext Root Scanning (ms): Min: 0.0, Avg: 0.2, Max: 0.9, Diff: 0.9, Sum: 1.7]
      [Update RS (ms): Min: 0.0, Avg: 0.4, Max: 0.6, Diff: 0.6, Sum: 3.4]
         [Processed Buffers: Min: 0, Avg: 5.9, Max: 9, Diff: 9, Sum: 47]
      [Scan RS (ms): Min: 0.0, Avg: 0.0, Max: 0.1, Diff: 0.1, Sum: 0.3]
      [Code Root Scanning (ms): Min: 0.0, Avg: 0.0, Max: 0.0, Diff: 0.0, Sum: 0.0]
      [Object Copy (ms): Min: 5.3, Avg: 5.7, Max: 6.3, Diff: 1.0, Sum: 45.6]
      [Termination (ms): Min: 0.0, Avg: 0.6, Max: 0.9, Diff: 0.9, Sum: 4.6]
         [Termination Attempts: Min: 1, Avg: 1.0, Max: 1, Diff: 0, Sum: 8]
      [GC Worker Other (ms): Min: 0.0, Avg: 0.0, Max: 0.0, Diff: 0.0, Sum: 0.1]
      [GC Worker Total (ms): Min: 6.1, Avg: 7.0, Max: 7.1, Diff: 1.0, Sum: 55.7]
      [GC Worker End (ms): Min: 896.8, Avg: 896.9, Max: 897.0, Diff: 0.2]
   [Code Root Fixup: 0.0 ms]
   [Code Root Purge: 0.0 ms]
   [Clear CT: 0.1 ms]
   [Other: 1.4 ms]
      [Choose CSet: 0.0 ms]
      [Ref Proc: 0.9 ms]
      [Ref Enq: 0.0 ms]
      [Redirty Cards: 0.1 ms]
      [Humongous Register: 0.1 ms]
      [Humongous Reclaim: 0.0 ms]
      [Free CSet: 0.1 ms]
   [Eden: 19456.0K(19456.0K)->0.0B(45056.0K) Survivors: 32768.0K->7168.0K Heap: 571.7M(1024.0M)->469.9M(1024.0M)]
 [Times: user=0.04 sys=0.01, real=0.01 secs] 
2020-10-27T17:59:48.123-0800: 0.907: [GC pause (G1 Evacuation Pause) (mixed), 0.0067387 secs]
   [Parallel Time: 5.1 ms, GC Workers: 8]
      [GC Worker Start (ms): Min: 907.3, Avg: 907.5, Max: 908.5, Diff: 1.1]
      [Ext Root Scanning (ms): Min: 0.0, Avg: 0.1, Max: 0.2, Diff: 0.2, Sum: 1.0]
      [Update RS (ms): Min: 0.0, Avg: 0.8, Max: 0.9, Diff: 0.9, Sum: 6.3]
         [Processed Buffers: Min: 0, Avg: 9.2, Max: 13, Diff: 13, Sum: 74]
      [Scan RS (ms): Min: 0.0, Avg: 0.0, Max: 0.1, Diff: 0.1, Sum: 0.3]
      [Code Root Scanning (ms): Min: 0.0, Avg: 0.0, Max: 0.0, Diff: 0.0, Sum: 0.0]
      [Object Copy (ms): Min: 3.0, Avg: 3.1, Max: 3.8, Diff: 0.8, Sum: 24.8]
      [Termination (ms): Min: 0.0, Avg: 0.7, Max: 0.9, Diff: 0.9, Sum: 5.9]
         [Termination Attempts: Min: 1, Avg: 1.4, Max: 4, Diff: 3, Sum: 11]
      [GC Worker Other (ms): Min: 0.0, Avg: 0.0, Max: 0.0, Diff: 0.0, Sum: 0.1]
      [GC Worker Total (ms): Min: 3.8, Avg: 4.8, Max: 5.0, Diff: 1.2, Sum: 38.4]
      [GC Worker End (ms): Min: 912.2, Avg: 912.3, Max: 912.3, Diff: 0.1]
   [Code Root Fixup: 0.0 ms]
   [Code Root Purge: 0.0 ms]
   [Clear CT: 0.2 ms]
   [Other: 1.5 ms]
      [Choose CSet: 0.0 ms]
      [Ref Proc: 1.0 ms]
      [Ref Enq: 0.0 ms]
      [Redirty Cards: 0.1 ms]
      [Humongous Register: 0.1 ms]
      [Humongous Reclaim: 0.1 ms]
      [Free CSet: 0.1 ms]
   [Eden: 45056.0K(45056.0K)->0.0B(272.0M) Survivors: 7168.0K->7168.0K Heap: 524.1M(1024.0M)->467.5M(1024.0M)]
 [Times: user=0.03 sys=0.00, real=0.01 secs] 
2020-10-27T17:59:48.131-0800: 0.915: [GC pause (G1 Humongous Allocation) (young) (initial-mark), 0.0035943 secs]
   [Parallel Time: 2.0 ms, GC Workers: 8]
      [GC Worker Start (ms): Min: 915.0, Avg: 915.0, Max: 915.2, Diff: 0.2]
      [Ext Root Scanning (ms): Min: 0.0, Avg: 0.4, Max: 1.6, Diff: 1.6, Sum: 3.1]
      [Update RS (ms): Min: 0.0, Avg: 0.2, Max: 0.9, Diff: 0.9, Sum: 1.5]
         [Processed Buffers: Min: 0, Avg: 1.0, Max: 2, Diff: 2, Sum: 8]
      [Scan RS (ms): Min: 0.0, Avg: 0.0, Max: 0.0, Diff: 0.0, Sum: 0.0]
      [Code Root Scanning (ms): Min: 0.0, Avg: 0.0, Max: 0.0, Diff: 0.0, Sum: 0.0]
      [Object Copy (ms): Min: 0.0, Avg: 0.4, Max: 0.7, Diff: 0.6, Sum: 3.6]
      [Termination (ms): Min: 0.0, Avg: 0.8, Max: 1.0, Diff: 1.0, Sum: 6.2]
         [Termination Attempts: Min: 1, Avg: 1.0, Max: 1, Diff: 0, Sum: 8]
      [GC Worker Other (ms): Min: 0.0, Avg: 0.0, Max: 0.0, Diff: 0.0, Sum: 0.1]
      [GC Worker Total (ms): Min: 1.6, Avg: 1.8, Max: 1.9, Diff: 0.3, Sum: 14.4]
      [GC Worker End (ms): Min: 916.7, Avg: 916.8, Max: 916.9, Diff: 0.2]
   [Code Root Fixup: 0.0 ms]
   [Code Root Purge: 0.0 ms]
   [Clear CT: 0.1 ms]
   [Other: 1.4 ms]
      [Choose CSet: 0.0 ms]
      [Ref Proc: 1.1 ms]
      [Ref Enq: 0.0 ms]
      [Redirty Cards: 0.1 ms]
      [Humongous Register: 0.1 ms]
      [Humongous Reclaim: 0.0 ms]
      [Free CSet: 0.0 ms]
   [Eden: 3072.0K(272.0M)->0.0B(290.0M) Survivors: 7168.0K->9216.0K Heap: 470.0M(1024.0M)->468.9M(1024.0M)]
 [Times: user=0.02 sys=0.00, real=0.00 secs] 
2020-10-27T17:59:48.135-0800: 0.919: [GC concurrent-root-region-scan-start]
2020-10-27T17:59:48.135-0800: 0.919: [GC concurrent-root-region-scan-end, 0.0001029 secs]
2020-10-27T17:59:48.135-0800: 0.919: [GC concurrent-mark-start]
2020-10-27T17:59:48.136-0800: 0.920: [GC concurrent-mark-end, 0.0014343 secs]
2020-10-27T17:59:48.136-0800: 0.920: [GC remark 2020-10-27T17:59:48.136-0800: 0.920: [Finalize Marking, 0.0010450 secs] 2020-10-27T17:59:48.137-0800: 0.921: [GC ref-proc, 0.0000556 secs] 2020-10-27T17:59:48.137-0800: 0.921: [Unloading, 0.0005348 secs], 0.0026598 secs]
 [Times: user=0.02 sys=0.00, real=0.00 secs] 
2020-10-27T17:59:48.139-0800: 0.923: [GC cleanup 479M->479M(1024M), 0.0009271 secs]
 [Times: user=0.00 sys=0.00, real=0.01 secs] 
2020-10-27T17:59:48.193-0800: 0.977: [GC pause (G1 Evacuation Pause) (young), 0.0102814 secs]
   [Parallel Time: 9.3 ms, GC Workers: 8]
      [GC Worker Start (ms): Min: 977.7, Avg: 977.8, Max: 977.8, Diff: 0.1]
      [Ext Root Scanning (ms): Min: 0.1, Avg: 0.1, Max: 0.2, Diff: 0.1, Sum: 0.9]
      [Update RS (ms): Min: 0.7, Avg: 0.7, Max: 0.8, Diff: 0.1, Sum: 6.0]
         [Processed Buffers: Min: 0, Avg: 10.1, Max: 15, Diff: 15, Sum: 81]
      [Scan RS (ms): Min: 0.0, Avg: 0.0, Max: 0.0, Diff: 0.0, Sum: 0.2]
      [Code Root Scanning (ms): Min: 0.0, Avg: 0.0, Max: 0.0, Diff: 0.0, Sum: 0.0]
      [Object Copy (ms): Min: 7.8, Avg: 7.9, Max: 8.0, Diff: 0.2, Sum: 62.9]
      [Termination (ms): Min: 0.0, Avg: 0.2, Max: 0.5, Diff: 0.5, Sum: 1.6]
         [Termination Attempts: Min: 1, Avg: 1.8, Max: 3, Diff: 2, Sum: 14]
      [GC Worker Other (ms): Min: 0.0, Avg: 0.0, Max: 0.0, Diff: 0.0, Sum: 0.1]
      [GC Worker Total (ms): Min: 8.9, Avg: 9.0, Max: 9.2, Diff: 0.4, Sum: 71.7]
      [GC Worker End (ms): Min: 986.7, Avg: 986.7, Max: 986.9, Diff: 0.2]
   [Code Root Fixup: 0.0 ms]
   [Code Root Purge: 0.0 ms]
   [Clear CT: 0.2 ms]
   [Other: 0.8 ms]
      [Choose CSet: 0.0 ms]
      [Ref Proc: 0.1 ms]
      [Ref Enq: 0.0 ms]
      [Redirty Cards: 0.1 ms]
      [Humongous Register: 0.3 ms]
      [Humongous Reclaim: 0.1 ms]
      [Free CSet: 0.1 ms]
   [Eden: 290.0M(290.0M)->0.0B(13312.0K) Survivors: 9216.0K->38912.0K Heap: 819.4M(1024.0M)->543.0M(1024.0M)]
 [Times: user=0.05 sys=0.01, real=0.01 secs] 
2020-10-27T17:59:48.206-0800: 0.990: [GC pause (G1 Evacuation Pause) (mixed), 0.0085437 secs]
   [Parallel Time: 7.7 ms, GC Workers: 8]
      [GC Worker Start (ms): Min: 990.5, Avg: 990.5, Max: 990.6, Diff: 0.1]
      [Ext Root Scanning (ms): Min: 0.1, Avg: 0.1, Max: 0.2, Diff: 0.1, Sum: 0.9]
      [Update RS (ms): Min: 0.2, Avg: 0.3, Max: 0.3, Diff: 0.1, Sum: 2.1]
         [Processed Buffers: Min: 3, Avg: 3.4, Max: 4, Diff: 1, Sum: 27]
      [Scan RS (ms): Min: 0.0, Avg: 0.1, Max: 0.1, Diff: 0.1, Sum: 0.4]
      [Code Root Scanning (ms): Min: 0.0, Avg: 0.0, Max: 0.0, Diff: 0.0, Sum: 0.0]
      [Object Copy (ms): Min: 6.9, Avg: 6.9, Max: 7.0, Diff: 0.1, Sum: 55.5]
      [Termination (ms): Min: 0.0, Avg: 0.1, Max: 0.3, Diff: 0.3, Sum: 1.1]
         [Termination Attempts: Min: 1, Avg: 1.0, Max: 1, Diff: 0, Sum: 8]
      [GC Worker Other (ms): Min: 0.0, Avg: 0.0, Max: 0.0, Diff: 0.0, Sum: 0.1]
      [GC Worker Total (ms): Min: 7.4, Avg: 7.5, Max: 7.7, Diff: 0.2, Sum: 60.1]
      [GC Worker End (ms): Min: 998.0, Avg: 998.1, Max: 998.1, Diff: 0.1]
   [Code Root Fixup: 0.0 ms]
   [Code Root Purge: 0.0 ms]
   [Clear CT: 0.1 ms]
   [Other: 0.7 ms]
      [Choose CSet: 0.0 ms]
      [Ref Proc: 0.2 ms]
      [Ref Enq: 0.0 ms]
      [Redirty Cards: 0.1 ms]
      [Humongous Register: 0.1 ms]
      [Humongous Reclaim: 0.0 ms]
      [Free CSet: 0.1 ms]
   [Eden: 13312.0K(13312.0K)->0.0B(46080.0K) Survivors: 38912.0K->6144.0K Heap: 558.2M(1024.0M)->473.0M(1024.0M)]
 [Times: user=0.04 sys=0.02, real=0.01 secs] 
2020-10-27T17:59:48.224-0800: 1.008: [GC pause (G1 Evacuation Pause) (mixed), 0.0045732 secs]
   [Parallel Time: 3.7 ms, GC Workers: 8]
      [GC Worker Start (ms): Min: 1008.2, Avg: 1008.3, Max: 1008.5, Diff: 0.3]
      [Ext Root Scanning (ms): Min: 0.0, Avg: 0.1, Max: 0.2, Diff: 0.2, Sum: 0.9]
      [Update RS (ms): Min: 0.8, Avg: 0.9, Max: 0.9, Diff: 0.1, Sum: 7.2]
         [Processed Buffers: Min: 8, Avg: 10.1, Max: 11, Diff: 3, Sum: 81]
      [Scan RS (ms): Min: 0.0, Avg: 0.0, Max: 0.0, Diff: 0.0, Sum: 0.2]
      [Code Root Scanning (ms): Min: 0.0, Avg: 0.0, Max: 0.0, Diff: 0.0, Sum: 0.0]
      [Object Copy (ms): Min: 2.3, Avg: 2.4, Max: 2.4, Diff: 0.1, Sum: 19.1]
      [Termination (ms): Min: 0.0, Avg: 0.1, Max: 0.1, Diff: 0.1, Sum: 0.5]
         [Termination Attempts: Min: 1, Avg: 1.2, Max: 2, Diff: 1, Sum: 10]
      [GC Worker Other (ms): Min: 0.0, Avg: 0.0, Max: 0.0, Diff: 0.0, Sum: 0.1]
      [GC Worker Total (ms): Min: 3.3, Avg: 3.5, Max: 3.6, Diff: 0.3, Sum: 28.0]
      [GC Worker End (ms): Min: 1011.8, Avg: 1011.8, Max: 1011.8, Diff: 0.1]
   [Code Root Fixup: 0.0 ms]
   [Code Root Purge: 0.0 ms]
   [Clear CT: 0.2 ms]
   [Other: 0.7 ms]
      [Choose CSet: 0.0 ms]
      [Ref Proc: 0.3 ms]
      [Ref Enq: 0.0 ms]
      [Redirty Cards: 0.1 ms]
      [Humongous Register: 0.1 ms]
      [Humongous Reclaim: 0.1 ms]
      [Free CSet: 0.0 ms]
   [Eden: 46080.0K(46080.0K)->0.0B(287.0M) Survivors: 6144.0K->7168.0K Heap: 533.6M(1024.0M)->478.4M(1024.0M)]
 [Times: user=0.03 sys=0.00, real=0.00 secs] 
2020-10-27T17:59:48.229-0800: 1.013: [GC pause (G1 Humongous Allocation) (young) (initial-mark), 0.0020607 secs]
   [Parallel Time: 1.0 ms, GC Workers: 8]
      [GC Worker Start (ms): Min: 1013.1, Avg: 1013.2, Max: 1013.2, Diff: 0.1]
      [Ext Root Scanning (ms): Min: 0.1, Avg: 0.1, Max: 0.2, Diff: 0.1, Sum: 1.1]
      [Update RS (ms): Min: 0.0, Avg: 0.1, Max: 0.3, Diff: 0.3, Sum: 0.8]
         [Processed Buffers: Min: 1, Avg: 1.1, Max: 2, Diff: 1, Sum: 9]
      [Scan RS (ms): Min: 0.0, Avg: 0.0, Max: 0.0, Diff: 0.0, Sum: 0.0]
      [Code Root Scanning (ms): Min: 0.0, Avg: 0.0, Max: 0.0, Diff: 0.0, Sum: 0.0]
      [Object Copy (ms): Min: 0.4, Avg: 0.5, Max: 0.6, Diff: 0.3, Sum: 4.0]
      [Termination (ms): Min: 0.0, Avg: 0.1, Max: 0.1, Diff: 0.1, Sum: 0.7]
         [Termination Attempts: Min: 1, Avg: 1.2, Max: 2, Diff: 1, Sum: 10]
      [GC Worker Other (ms): Min: 0.0, Avg: 0.0, Max: 0.0, Diff: 0.0, Sum: 0.1]
      [GC Worker Total (ms): Min: 0.8, Avg: 0.8, Max: 0.9, Diff: 0.1, Sum: 6.7]
      [GC Worker End (ms): Min: 1014.0, Avg: 1014.0, Max: 1014.0, Diff: 0.0]
   [Code Root Fixup: 0.0 ms]
   [Code Root Purge: 0.0 ms]
   [Clear CT: 0.1 ms]
   [Other: 0.9 ms]
      [Choose CSet: 0.0 ms]
      [Ref Proc: 0.6 ms]
      [Ref Enq: 0.0 ms]
      [Redirty Cards: 0.1 ms]
      [Humongous Register: 0.1 ms]
      [Humongous Reclaim: 0.0 ms]
      [Free CSet: 0.0 ms]
   [Eden: 1024.0K(287.0M)->0.0B(277.0M) Survivors: 7168.0K->8192.0K Heap: 479.1M(1024.0M)->478.3M(1024.0M)]
 [Times: user=0.00 sys=0.00, real=0.01 secs] 
2020-10-27T17:59:48.231-0800: 1.015: [GC concurrent-root-region-scan-start]
2020-10-27T17:59:48.231-0800: 1.015: [GC concurrent-root-region-scan-end, 0.0001135 secs]
2020-10-27T17:59:48.231-0800: 1.015: [GC concurrent-mark-start]
2020-10-27T17:59:48.232-0800: 1.016: [GC concurrent-mark-end, 0.0011526 secs]
2020-10-27T17:59:48.233-0800: 1.017: [GC remark 2020-10-27T17:59:48.233-0800: 1.017: [Finalize Marking, 0.0003338 secs] 2020-10-27T17:59:48.233-0800: 1.017: [GC ref-proc, 0.0000467 secs] 2020-10-27T17:59:48.233-0800: 1.017: [Unloading, 0.0004878 secs], 0.0017413 secs]
 [Times: user=0.01 sys=0.00, real=0.00 secs] 
2020-10-27T17:59:48.234-0800: 1.018: [GC cleanup 482M->476M(1024M), 0.0008011 secs]
 [Times: user=0.00 sys=0.00, real=0.00 secs] 
2020-10-27T17:59:48.235-0800: 1.019: [GC concurrent-cleanup-start]
2020-10-27T17:59:48.235-0800: 1.019: [GC concurrent-cleanup-end, 0.0000153 secs]
2020-10-27T17:59:48.286-0800: 1.070: [GC pause (G1 Evacuation Pause) (young), 0.0098456 secs]
   [Parallel Time: 9.0 ms, GC Workers: 8]
      [GC Worker Start (ms): Min: 1069.9, Avg: 1070.0, Max: 1070.0, Diff: 0.1]
      [Ext Root Scanning (ms): Min: 0.1, Avg: 0.1, Max: 0.2, Diff: 0.1, Sum: 0.8]
      [Update RS (ms): Min: 0.6, Avg: 0.7, Max: 0.7, Diff: 0.0, Sum: 5.2]
         [Processed Buffers: Min: 4, Avg: 9.6, Max: 11, Diff: 7, Sum: 77]
      [Scan RS (ms): Min: 0.0, Avg: 0.0, Max: 0.0, Diff: 0.0, Sum: 0.2]
      [Code Root Scanning (ms): Min: 0.0, Avg: 0.0, Max: 0.0, Diff: 0.0, Sum: 0.0]
      [Object Copy (ms): Min: 7.8, Avg: 7.9, Max: 8.0, Diff: 0.2, Sum: 63.0]
      [Termination (ms): Min: 0.0, Avg: 0.2, Max: 0.3, Diff: 0.3, Sum: 1.4]
         [Termination Attempts: Min: 1, Avg: 1.0, Max: 1, Diff: 0, Sum: 8]
      [GC Worker Other (ms): Min: 0.0, Avg: 0.0, Max: 0.0, Diff: 0.0, Sum: 0.1]
      [GC Worker Total (ms): Min: 8.8, Avg: 8.8, Max: 8.9, Diff: 0.2, Sum: 70.8]
      [GC Worker End (ms): Min: 1078.8, Avg: 1078.8, Max: 1078.9, Diff: 0.1]
   [Code Root Fixup: 0.0 ms]
   [Code Root Purge: 0.0 ms]
   [Clear CT: 0.2 ms]
   [Other: 0.7 ms]
      [Choose CSet: 0.0 ms]
      [Ref Proc: 0.2 ms]
      [Ref Enq: 0.0 ms]
      [Redirty Cards: 0.1 ms]
      [Humongous Register: 0.1 ms]
      [Humongous Reclaim: 0.1 ms]
      [Free CSet: 0.1 ms]
   [Eden: 277.0M(277.0M)->0.0B(15360.0K) Survivors: 8192.0K->36864.0K Heap: 820.5M(1024.0M)->554.6M(1024.0M)]
 [Times: user=0.07 sys=0.01, real=0.01 secs] 
2020-10-27T17:59:48.298-0800: 1.082: [GC pause (G1 Evacuation Pause) (mixed), 0.0082337 secs]
   [Parallel Time: 7.4 ms, GC Workers: 8]
      [GC Worker Start (ms): Min: 1082.5, Avg: 1082.6, Max: 1082.7, Diff: 0.1]
      [Ext Root Scanning (ms): Min: 0.1, Avg: 0.1, Max: 0.2, Diff: 0.1, Sum: 0.9]
      [Update RS (ms): Min: 0.2, Avg: 0.2, Max: 0.2, Diff: 0.0, Sum: 1.4]
         [Processed Buffers: Min: 2, Avg: 2.5, Max: 3, Diff: 1, Sum: 20]
      [Scan RS (ms): Min: 0.0, Avg: 0.1, Max: 0.1, Diff: 0.0, Sum: 0.4]
      [Code Root Scanning (ms): Min: 0.0, Avg: 0.0, Max: 0.0, Diff: 0.0, Sum: 0.0]
      [Object Copy (ms): Min: 6.6, Avg: 6.6, Max: 6.7, Diff: 0.1, Sum: 53.1]
      [Termination (ms): Min: 0.0, Avg: 0.1, Max: 0.1, Diff: 0.1, Sum: 0.6]
         [Termination Attempts: Min: 1, Avg: 1.0, Max: 1, Diff: 0, Sum: 8]
      [GC Worker Other (ms): Min: 0.0, Avg: 0.0, Max: 0.0, Diff: 0.0, Sum: 0.1]
      [GC Worker Total (ms): Min: 7.0, Avg: 7.1, Max: 7.1, Diff: 0.1, Sum: 56.5]
      [GC Worker End (ms): Min: 1089.6, Avg: 1089.7, Max: 1089.7, Diff: 0.1]
   [Code Root Fixup: 0.0 ms]
   [Code Root Purge: 0.0 ms]
   [Clear CT: 0.1 ms]
   [Other: 0.7 ms]
      [Choose CSet: 0.0 ms]
      [Ref Proc: 0.2 ms]
      [Ref Enq: 0.0 ms]
      [Redirty Cards: 0.1 ms]
      [Humongous Register: 0.1 ms]
      [Humongous Reclaim: 0.0 ms]
      [Free CSet: 0.1 ms]
   [Eden: 15360.0K(15360.0K)->0.0B(46080.0K) Survivors: 36864.0K->6144.0K Heap: 571.0M(1024.0M)->487.5M(1024.0M)]
 [Times: user=0.04 sys=0.01, real=0.01 secs] 
Heap
 garbage-first heap   total 1048576K, used 499204K [0x0000000780000000, 0x0000000780102000, 0x00000007c0000000)
  region size 1024K, 7 young (7168K), 6 survivors (6144K)
 Metaspace       used 2896K, capacity 4486K, committed 4864K, reserved 1056768K
  class space    used 310K, capacity 386K, committed 512K, reserved 1048576K
